TAP version 13
# Subtest: G1.1 — V9 serializa escrituras dentro de una pestaña (_naPersistChain FIFO)
ok 1 - G1.1 — V9 serializa escrituras dentro de una pestaña (_naPersistChain FIFO)
  ---
  duration_ms: 38.8006
  type: 'test'
  ...
# Subtest: G1.2 — V9 NO tiene CAS cross-tab (sin Web Locks / BroadcastChannel / storage listener / revisiones)
ok 2 - G1.2 — V9 NO tiene CAS cross-tab (sin Web Locks / BroadcastChannel / storage listener / revisiones)
  ---
  duration_ms: 12.6293
  type: 'test'
  ...
# Subtest: G1.3 — Escritura V9 = overwrite completo del snapshot (superficie last-writer-wins)
ok 3 - G1.3 — Escritura V9 = overwrite completo del snapshot (superficie last-writer-wins)
  ---
  duration_ms: 3.0941
  type: 'test'
  ...
# Subtest: G1.4 — RUNTIME: dos pestañas reales + localStorage compartido → last-writer-wins
ok 4 - G1.4 — RUNTIME: dos pestañas reales + localStorage compartido → last-writer-wins
  ---
  duration_ms: 135.7713
  type: 'test'
  ...
# Subtest: G1.5 — V10 contiene la mitigación futura y permanece dormante
ok 5 - G1.5 — V10 contiene la mitigación futura y permanece dormante
  ---
  duration_ms: 10.9879
  type: 'test'
  ...
# Subtest: G1.6 — El orden de carga real mantiene el comportamiento caracterizado
ok 6 - G1.6 — El orden de carga real mantiene el comportamiento caracterizado
  ---
  duration_ms: 40.8636
  type: 'test'
  ...
# Subtest: G1.7 — Evidencia: documentación de la restricción UNA SOLA PESTAÑA ACTIVA DE ESCRITURA
ok 7 - G1.7 — Evidencia: documentación de la restricción UNA SOLA PESTAÑA ACTIVA DE ESCRITURA
  ---
  duration_ms: 57.3326
  type: 'test'
  ...
# [Venta] No se confirmó la operación: Error
# Subtest: G2.0 — El patrón backup→persist→rollback existe en las cinco operaciones
ok 8 - G2.0 — El patrón backup→persist→rollback existe en las cinco operaciones
  ---
  duration_ms: 10.6005
  type: 'test'
  ...
# Subtest: G2.1 — VENTA: fallo de persistencia restaura venta, stock, caja y conserva el carrito
ok 9 - G2.1 — VENTA: fallo de persistencia restaura venta, stock, caja y conserva el carrito
  ---
  duration_ms: 223.5071
  type: 'test'
  ...
# Subtest: G2.2 — PAGO DE CRÉDITO: fallo de persistencia restaura crédito y caja
ok 10 - G2.2 — PAGO DE CRÉDITO: fallo de persistencia restaura crédito y caja
  ---
  duration_ms: 38.0366
  type: 'test'
  ...
# Subtest: G2.3 — CAJA (movimiento): fallo de persistencia restaura cajMovs
ok 11 - G2.3 — CAJA (movimiento): fallo de persistencia restaura cajMovs
  ---
  duration_ms: 33.0313
  type: 'test'
  ...
# Subtest: G2.4 — CAJA (gasto): fallo de persistencia restaura gastos y cajMovs
ok 12 - G2.4 — CAJA (gasto): fallo de persistencia restaura gastos y cajMovs
  ---
  duration_ms: 29.4195
  type: 'test'
  ...
# Subtest: G2.5 — INVENTARIO: fallo de persistencia restaura el stock anterior
ok 13 - G2.5 — INVENTARIO: fallo de persistencia restaura el stock anterior
  ---
  duration_ms: 26.8948
  type: 'test'
  ...
# Subtest: G2.6 — Control: con persistencia sana cada camino SÍ persiste (guarda anti-falso-PASS)
ok 14 - G2.6 — Control: con persistencia sana cada camino SÍ persiste (guarda anti-falso-PASS)
  ---
  duration_ms: 90.173
  type: 'test'
  ...
# Subtest: G3.1 — Cadena de definiciones: inline-02 (legacy) → inline-04 (política F7) → inline-07 (wrapper F10 WINNER)
ok 15 - G3.1 — Cadena de definiciones: inline-02 (legacy) → inline-04 (política F7) → inline-07 (wrapper F10 WINNER)
  ---
  duration_ms: 14.7871
  type: 'test'
  ...
# Subtest: G3.2 — La política activa es la evaluación F7 por línea (no el score sugerido legacy)
ok 16 - G3.2 — La política activa es la evaluación F7 por línea (no el score sugerido legacy)
  ---
  duration_ms: 2.1875
  type: 'test'
  ...
# Subtest: G3.3 — RUNTIME: el winner final ES el wrapper de autorización F10
ok 17 - G3.3 — RUNTIME: el winner final ES el wrapper de autorización F10
  ---
  duration_ms: 130.8563
  type: 'test'
  ...
# Subtest: G3.4 — RUNTIME: el winner persiste el crédito (identidad preservada en memoria y durable)
ok 18 - G3.4 — RUNTIME: el winner persiste el crédito (identidad preservada en memoria y durable)
  ---
  duration_ms: 38.9915
  type: 'test'
  ...
# Subtest: G3.5 — RUNTIME: rollback ante fallo de persistencia (sin crédito huérfano ni identidad parcial)
ok 19 - G3.5 — RUNTIME: rollback ante fallo de persistencia (sin crédito huérfano ni identidad parcial)
  ---
  duration_ms: 60.4975
  type: 'test'
  ...
# Subtest: G3.6 — RUNTIME: sin autorización F10 no se crea crédito (el wrapper es obligatorio)
ok 20 - G3.6 — RUNTIME: sin autorización F10 no se crea crédito (el wrapper es obligatorio)
  ---
  duration_ms: 62.0672
  type: 'test'
  ...
# Subtest: G4.1 — Estático: _naPaymentState winner es el override F7 con validación de línea
ok 21 - G4.1 — Estático: _naPaymentState winner es el override F7 con validación de línea
  ---
  duration_ms: 13.209
  type: 'test'
  ...
# Subtest: G4.2 — RUNTIME: sin elegibilidad NO se crea crédito
ok 22 - G4.2 — RUNTIME: sin elegibilidad NO se crea crédito
  ---
  duration_ms: 99.8097
  type: 'test'
  ...
# Subtest: G4.3 — RUNTIME: si el total excede la línea disponible NO se crea crédito
ok 23 - G4.3 — RUNTIME: si el total excede la línea disponible NO se crea crédito
  ---
  duration_ms: 21.1637
  type: 'test'
  ...
# Subtest: G4.4 — RUNTIME: política deshabilitada bloquea la venta a crédito
ok 24 - G4.4 — RUNTIME: política deshabilitada bloquea la venta a crédito
  ---
  duration_ms: 34.3421
  type: 'test'
  ...
# Subtest: G4.5 — RUNTIME: si procede, venta y crédito quedan enlazados (y persisten enlazados)
ok 25 - G4.5 — RUNTIME: si procede, venta y crédito quedan enlazados (y persisten enlazados)
  ---
  duration_ms: 76.8536
  type: 'test'
  ...
# Subtest: G4.6 — RUNTIME: la venta a crédito exige caja abierta (comportamiento actual)
ok 26 - G4.6 — RUNTIME: la venta a crédito exige caja abierta (comportamiento actual)
  ---
  duration_ms: 57.246
  type: 'test'
  ...
# Subtest: G5.1 — Estático: el WINNER de guardarMovInv es inline-16 (posterior a inline-02 e inline-07)
ok 27 - G5.1 — Estático: el WINNER de guardarMovInv es inline-16 (posterior a inline-02 e inline-07)
  ---
  duration_ms: 12.0835
  type: 'test'
  ...
# Subtest: G5.2 — RUNTIME: el winner final tiene autorización, guard y rollback inline-16
ok 28 - G5.2 — RUNTIME: el winner final tiene autorización, guard y rollback inline-16
  ---
  duration_ms: 123.2079
  type: 'test'
  ...
# Subtest: G5.3 — RUNTIME: salida mayor al stock queda BLOQUEADA (sin persistir nada)
ok 29 - G5.3 — RUNTIME: salida mayor al stock queda BLOQUEADA (sin persistir nada)
  ---
  duration_ms: 75.5406
  type: 'test'
  ...
# Subtest: G5.4 — RUNTIME: guard contra doble ejecución (_naInventoryMoveBusy)
ok 30 - G5.4 — RUNTIME: guard contra doble ejecución (_naInventoryMoveBusy)
  ---
  duration_ms: 42.0186
  type: 'test'
  ...
# Subtest: G5.5 — RUNTIME: fallo de persistencia restaura el stock anterior
ok 31 - G5.5 — RUNTIME: fallo de persistencia restaura el stock anterior
  ---
  duration_ms: 67.435
  type: 'test'
  ...
# Subtest: G5.6 — RUNTIME: sin autorización F10 el movimiento no se ejecuta
ok 32 - G5.6 — RUNTIME: sin autorización F10 el movimiento no se ejecuta
  ---
  duration_ms: 21.264
  type: 'test'
  ...
# Subtest: G5.7 — RUNTIME: comportamiento actual del AJUSTE queda preservado
ok 33 - G5.7 — RUNTIME: comportamiento actual del AJUSTE queda preservado
  ---
  duration_ms: 64.4005
  type: 'test'
  ...
# [Persistencia] No se pudo escribir la configuración de seguridad local: Error
# Subtest: G6.1 — Estático: winner de anularV y guards de idempotencia
ok 34 - G6.1 — Estático: winner de anularV y guards de idempotencia
  ---
  duration_ms: 21.6336
  type: 'test'
  ...
# Subtest: G6.2 — RUNTIME: primera anulación crea exactamente UN reversal enlazado
ok 35 - G6.2 — RUNTIME: primera anulación crea exactamente UN reversal enlazado
  ---
  duration_ms: 206.0862
  type: 'test'
  ...
# Subtest: G6.3 — RUNTIME: segunda anulación NO crea otro reversal
ok 36 - G6.3 — RUNTIME: segunda anulación NO crea otro reversal
  ---
  duration_ms: 52.3292
  type: 'test'
  ...
# Subtest: G6.4 — RUNTIME: reversalOf es único
ok 37 - G6.4 — RUNTIME: reversalOf es único
  ---
  duration_ms: 25.4873
  type: 'test'
  ...
# Subtest: G6.5 — RUNTIME: el rollback de la anulación también es durable
ok 38 - G6.5 — RUNTIME: el rollback de la anulación también es durable
  ---
  duration_ms: 23.6536
  type: 'test'
  ...
# Subtest: G7.1 — Estático: winner de confirmarPago y propagación de identidad en la base
ok 39 - G7.1 — Estático: winner de confirmarPago y propagación de identidad en la base
  ---
  duration_ms: 10.2558
  type: 'test'
  ...
# Subtest: G7.2 — RUNTIME: pago digital preserva pagoId y lo propaga al movimiento de caja
ok 40 - G7.2 — RUNTIME: pago digital preserva pagoId y lo propaga al movimiento de caja
  ---
  duration_ms: 216.9542
  type: 'test'
  ...
# Subtest: G7.3 — RUNTIME: dedupe digital — el número de operación no se puede reutilizar
ok 41 - G7.3 — RUNTIME: dedupe digital — el número de operación no se puede reutilizar
  ---
  duration_ms: 23.6629
  type: 'test'
  ...
# Subtest: G7.4 — RUNTIME: el abono no puede superar el saldo pendiente
ok 42 - G7.4 — RUNTIME: el abono no puede superar el saldo pendiente
  ---
  duration_ms: 21.5699
  type: 'test'
  ...
# Subtest: G7.5 — RUNTIME: pago en efectivo exige caja abierta (alcance actual)
ok 43 - G7.5 — RUNTIME: pago en efectivo exige caja abierta (alcance actual)
  ---
  duration_ms: 71.1763
  type: 'test'
  ...
# Subtest: G7.6 — RUNTIME: rollback del pago mantiene identidad sin residuos
ok 44 - G7.6 — RUNTIME: rollback del pago mantiene identidad sin residuos
  ---
  duration_ms: 25.2433
  type: 'test'
  ...
# Subtest: G8.1 — Estático: ningún archivo fuera de inline-17/18 referencia símbolos _naV10*
ok 45 - G8.1 — Estático: ningún archivo fuera de inline-17/18 referencia símbolos _naV10*
  ---
  duration_ms: 8.0982
  type: 'test'
  ...
# Subtest: G8.2 — Estático: inline-17/18 cargados, sin listeners ni inicialización automática
ok 46 - G8.2 — Estático: inline-17/18 cargados, sin listeners ni inicialización automática
  ---
  duration_ms: 3.121
  type: 'test'
  ...
# Subtest: G8.3 — RUNTIME: cargar inline-17/18 reales NO abre la DB V10 (indexedDB trampa)
ok 47 - G8.3 — RUNTIME: cargar inline-17/18 reales NO abre la DB V10 (indexedDB trampa)
  ---
  duration_ms: 14.601
  type: 'test'
  ...
# Subtest: G8.4 — V10 no es requisito del release: los caminos activos no lo referencian
ok 48 - G8.4 — V10 no es requisito del release: los caminos activos no lo referencian
  ---
  duration_ms: 23.8833
  type: 'test'
  ...
1..48
# tests 48
# suites 0
# pass 48
# fail 0
# cancelled 0
# skipped 0
# todo 0
# duration_ms 4186.2218
